Component: ARM Compiler 5.06 (build 20) Tool: armlink [4d35a3]

==============================================================================

Section Cross References

    main.o(i.ADC) refers to freescale_sim.o(i.SIM_SCGC6PeriphClockCmd) for SIM_SCGC6PeriphClockCmd
    main.o(i.ADC) refers to freescale_sim.o(i.SIM_SCGC5PeriphClockCmd) for SIM_SCGC5PeriphClockCmd
    main.o(i.ADC) refers to freescale_gpio.o(i.GPIO_PinAFConfig) for GPIO_PinAFConfig
    main.o(i.ADC) refers to freescale_adc.o(i.ADC_Init) for ADC_Init
    main.o(i.ADC_Result) refers to freescale_adc.o(i.ADC_DiscModeChannelCountConfig) for ADC_DiscModeChannelCountConfig
    main.o(i.ADC_Result) refers to freescale_adc.o(i.ADC_GetSoftwareStartConvStatus) for ADC_GetSoftwareStartConvStatus
    main.o(i.ADC_Result) refers to freescale_adc.o(i.ADC_GetConversionValue) for ADC_GetConversionValue
    main.o(i.PIT0_IRQHandler) refers to _printf_percent.o(.ARM.Collect$$_printf_percent$$00000000) for _printf_percent
    main.o(i.PIT0_IRQHandler) refers to _printf_d.o(.ARM.Collect$$_printf_percent$$00000009) for _printf_d
    main.o(i.PIT0_IRQHandler) refers to _printf_dec.o(.text) for _printf_int_dec
    main.o(i.PIT0_IRQHandler) refers to main.o(i.ADC_Result) for ADC_Result
    main.o(i.PIT0_IRQHandler) refers to noretval__2sprintf.o(.text) for __2sprintf
    main.o(i.PIT0_IRQHandler) refers to main.o(i.Usart_Send) for Usart_Send
    main.o(i.PIT0_IRQHandler) refers to freescale_pit.o(i.PIT_Flag_Clear) for PIT_Flag_Clear
    main.o(i.Usart_Send) refers to freescale_usart.o(i.USART_GetFlagStatus) for USART_GetFlagStatus
    main.o(i.Usart_Send) refers to freescale_usart.o(i.USART_SendData) for USART_SendData
    main.o(i.main) refers to _printf_percent.o(.ARM.Collect$$_printf_percent$$00000000) for _printf_percent
    main.o(i.main) refers to _printf_d.o(.ARM.Collect$$_printf_percent$$00000009) for _printf_d
    main.o(i.main) refers to _printf_dec.o(.text) for _printf_int_dec
    main.o(i.main) refers to freescale_sim.o(i.SIM_SCGC4PeriphClockCmd) for SIM_SCGC4PeriphClockCmd
    main.o(i.main) refers to freescale_sim.o(i.SIM_SCGC5PeriphClockCmd) for SIM_SCGC5PeriphClockCmd
    main.o(i.main) refers to freescale_sim.o(i.SIM_SCGC6PeriphClockCmd) for SIM_SCGC6PeriphClockCmd
    main.o(i.main) refers to freescale_gpio.o(i.GPIO_Init) for GPIO_Init
    main.o(i.main) refers to freescale_gpio.o(i.GPIO_PinAFConfig) for GPIO_PinAFConfig
    main.o(i.main) refers to freescale_usart.o(i.USART_Init) for USART_Init
    main.o(i.main) refers to freescale_pit.o(i.PIT_Init) for PIT_Init
    main.o(i.main) refers to system32.o(i.SysTick_Init) for SysTick_Init
    main.o(i.main) refers to main.o(i.ADC) for ADC
    main.o(i.main) refers to noretval__2sprintf.o(.text) for __2sprintf
    main.o(i.main) refers to main.o(i.Usart_Send) for Usart_Send
    main.o(i.main) refers to system32.o(i.Delay_EXms) for Delay_EXms
    main.o(i.main) refers to freescale_usart.o(i.USART_ReceiveData) for USART_ReceiveData
    main.o(i.main) refers to freescale_usart.o(i.USART_GetFlagStatus) for USART_GetFlagStatus
    main.o(i.main) refers to freescale_usart.o(i.USART_SendData) for USART_SendData
    main.o(i.main) refers to freescale_sim.o(.bss) for PInfo
    freescale_sim.o(i.GetProcessorInfo) refers to system_mk60d10.o(i.SystemCoreClockUpdate) for SystemCoreClockUpdate
    freescale_sim.o(i.GetProcessorInfo) refers to freescale_sim.o(.bss) for .bss
    freescale_sim.o(i.GetProcessorInfo) refers to system_mk60d10.o(.data) for SystemCoreClock
    freescale_pit.o(i.PIT_Init) refers to freescale_pit.o(i.PIT_Flag_Clear) for PIT_Flag_Clear
    freescale_usart.o(i.USART_Init) refers to freescale_sim.o(i.GetProcessorInfo) for GetProcessorInfo
    freescale_usart.o(i.USART_Init) refers to freescale_sim.o(.bss) for PInfo
    freescale_adc.o(i.ADC_Init) refers to freescale_adc.o(i.ADC_Calibrate) for ADC_Calibrate
    system32.o(i.Delay_EXms) refers to system32.o(i.Delay_ms) for Delay_ms
    system32.o(i.Delay_ms) refers to system32.o(.data) for .data
    system32.o(i.Delay_us) refers to system32.o(.data) for .data
    system32.o(i.SysTick_Init) refers to freescale_sim.o(i.GetProcessorInfo) for GetProcessorInfo
    system32.o(i.SysTick_Init) refers to freescale_sim.o(.bss) for PInfo
    system32.o(i.SysTick_Init) refers to system32.o(.data) for .data
    system_mk60d10.o(i.SystemCoreClockUpdate) refers to system_mk60d10.o(.data) for .data
    startup_mk60dz10.o(STACK) refers (Special) to heapauxi.o(.text) for __use_two_region_memory
    startup_mk60dz10.o(HEAP) refers (Special) to heapauxi.o(.text) for __use_two_region_memory
    startup_mk60dz10.o(RESET) refers (Special) to heapauxi.o(.text) for __use_two_region_memory
    startup_mk60dz10.o(RESET) refers to startup_mk60dz10.o(STACK) for __initial_sp
    startup_mk60dz10.o(RESET) refers to startup_mk60dz10.o(.text) for Reset_Handler
    startup_mk60dz10.o(RESET) refers to main.o(i.PIT0_IRQHandler) for PIT0_IRQHandler
    startup_mk60dz10.o(.ARM.__at_0x400) refers (Special) to heapauxi.o(.text) for __use_two_region_memory
    startup_mk60dz10.o(.text) refers (Special) to heapauxi.o(.text) for __use_two_region_memory
    startup_mk60dz10.o(.text) refers to system_mk60d10.o(i.SystemInit) for SystemInit
    startup_mk60dz10.o(.text) refers to __main.o(!!!main) for __main
    startup_mk60dz10.o(.text) refers to startup_mk60dz10.o(HEAP) for Heap_Mem
    startup_mk60dz10.o(.text) refers to startup_mk60dz10.o(STACK) for Stack_Mem
    __2sprintf.o(.text) refers to _printf_char_common.o(.text) for _printf_char_common
    __2sprintf.o(.text) refers to _sputc.o(.text) for _sputc
    noretval__2sprintf.o(.text) refers to _printf_char_common.o(.text) for _printf_char_common
    noretval__2sprintf.o(.text) refers to _sputc.o(.text) for _sputc
    __printf.o(.text) refers to _printf_percent.o(.ARM.Collect$$_printf_percent$$00000000) for _printf_percent
    _printf_dec.o(.text) refers to _printf_intcommon.o(.text) for _printf_int_common
    __printf_flags.o(.text) refers to _printf_percent.o(.ARM.Collect$$_printf_percent$$00000000) for _printf_percent
    __printf_flags.o(.text) refers to __printf_flags.o(.constdata) for .constdata
    __printf_ss.o(.text) refers to _printf_percent.o(.ARM.Collect$$_printf_percent$$00000000) for _printf_percent
    __printf_flags_ss.o(.text) refers to _printf_percent.o(.ARM.Collect$$_printf_percent$$00000000) for _printf_percent
    __printf_flags_ss.o(.text) refers to __printf_flags_ss.o(.constdata) for .constdata
    __printf_wp.o(.text) refers to __printf_wp.o(i._is_digit) for _is_digit
    __printf_wp.o(.text) refers to _printf_percent.o(.ARM.Collect$$_printf_percent$$00000000) for _printf_percent
    __printf_flags_wp.o(.text) refers to __printf_wp.o(i._is_digit) for _is_digit
    __printf_flags_wp.o(.text) refers to _printf_percent.o(.ARM.Collect$$_printf_percent$$00000000) for _printf_percent
    __printf_flags_wp.o(.text) refers to __printf_flags_wp.o(.constdata) for .constdata
    __printf_ss_wp.o(.text) refers to __printf_wp.o(i._is_digit) for _is_digit
    __printf_ss_wp.o(.text) refers to _printf_percent.o(.ARM.Collect$$_printf_percent$$00000000) for _printf_percent
    __printf_flags_ss_wp.o(.text) refers to __printf_wp.o(i._is_digit) for _is_digit
    __printf_flags_ss_wp.o(.text) refers to _printf_percent.o(.ARM.Collect$$_printf_percent$$00000000) for _printf_percent
    __printf_flags_ss_wp.o(.text) refers to __printf_flags_ss_wp.o(.constdata) for .constdata
    _printf_d.o(.ARM.Collect$$_printf_percent$$00000009) refers (Weak) to _printf_dec.o(.text) for _printf_int_dec
    _printf_percent.o(.ARM.Collect$$_printf_percent$$00000000) refers (Special) to _printf_percent_end.o(.ARM.Collect$$_printf_percent$$00000017) for _printf_percent_end
    __main.o(!!!main) refers to __rtentry.o(.ARM.Collect$$rtentry$$00000000) for __rt_entry
    __rtentry.o(.ARM.Collect$$rtentry$$00000000) refers (Special) to __rtentry2.o(.ARM.Collect$$rtentry$$0000000A) for __rt_entry_li
    __rtentry.o(.ARM.Collect$$rtentry$$00000000) refers (Special) to __rtentry2.o(.ARM.Collect$$rtentry$$0000000D) for __rt_entry_main
    __rtentry.o(.ARM.Collect$$rtentry$$00000000) refers (Special) to __rtentry2.o(.ARM.Collect$$rtentry$$0000000C) for __rt_entry_postli_1
    __rtentry.o(.ARM.Collect$$rtentry$$00000000) refers (Special) to __rtentry2.o(.ARM.Collect$$rtentry$$00000009) for __rt_entry_postsh_1
    __rtentry.o(.ARM.Collect$$rtentry$$00000000) refers (Special) to __rtentry2.o(.ARM.Collect$$rtentry$$00000002) for __rt_entry_presh_1
    __rtentry.o(.ARM.Collect$$rtentry$$00000000) refers (Special) to __rtentry4.o(.ARM.Collect$$rtentry$$00000004) for __rt_entry_sh
    _printf_char_common.o(.text) refers to __printf.o(.text) for __printf
    __rtentry2.o(.ARM.Collect$$rtentry$$00000008) refers to boardinit2.o(.text) for _platform_post_stackheap_init
    __rtentry2.o(.ARM.Collect$$rtentry$$0000000A) refers to libinit.o(.ARM.Collect$$libinit$$00000000) for __rt_lib_init
    __rtentry2.o(.ARM.Collect$$rtentry$$0000000B) refers to boardinit3.o(.text) for _platform_post_lib_init
    __rtentry2.o(.ARM.Collect$$rtentry$$0000000D) refers to main.o(i.main) for main
    __rtentry2.o(.ARM.Collect$$rtentry$$0000000D) refers to exit.o(.text) for exit
    __rtentry2.o(.ARM.exidx) refers to __rtentry2.o(.ARM.Collect$$rtentry$$00000001) for .ARM.Collect$$rtentry$$00000001
    __rtentry2.o(.ARM.exidx) refers to __rtentry2.o(.ARM.Collect$$rtentry$$00000008) for .ARM.Collect$$rtentry$$00000008
    __rtentry2.o(.ARM.exidx) refers to __rtentry2.o(.ARM.Collect$$rtentry$$0000000A) for .ARM.Collect$$rtentry$$0000000A
    __rtentry2.o(.ARM.exidx) refers to __rtentry2.o(.ARM.Collect$$rtentry$$0000000B) for .ARM.Collect$$rtentry$$0000000B
    __rtentry2.o(.ARM.exidx) refers to __rtentry2.o(.ARM.Collect$$rtentry$$0000000D) for .ARM.Collect$$rtentry$$0000000D
    __rtentry4.o(.ARM.Collect$$rtentry$$00000004) refers to sys_stackheap_outer.o(.text) for __user_setup_stackheap
    __rtentry4.o(.ARM.exidx) refers to __rtentry4.o(.ARM.Collect$$rtentry$$00000004) for .ARM.Collect$$rtentry$$00000004
    sys_stackheap_outer.o(.text) refers to libspace.o(.text) for __user_perproc_libspace
    sys_stackheap_outer.o(.text) refers to startup_mk60dz10.o(.text) for __user_initial_stackheap
    exit.o(.text) refers to rtexit.o(.ARM.Collect$$rtexit$$00000000) for __rt_exit
    libinit.o(.ARM.Collect$$libinit$$00000000) refers (Special) to libinit2.o(.ARM.Collect$$libinit$$0000002E) for __rt_lib_init_alloca_1
    libinit.o(.ARM.Collect$$libinit$$00000000) refers (Special) to libinit2.o(.ARM.Collect$$libinit$$0000002C) for __rt_lib_init_argv_1
    libinit.o(.ARM.Collect$$libinit$$00000000) refers (Special) to libinit2.o(.ARM.Collect$$libinit$$0000001B) for __rt_lib_init_atexit_1
    libinit.o(.ARM.Collect$$libinit$$00000000) refers (Special) to libinit2.o(.ARM.Collect$$libinit$$00000021) for __rt_lib_init_clock_1
    libinit.o(.ARM.Collect$$libinit$$00000000) refers (Special) to libinit2.o(.ARM.Collect$$libinit$$00000032) for __rt_lib_init_cpp_1
    libinit.o(.ARM.Collect$$libinit$$00000000) refers (Special) to libinit2.o(.ARM.Collect$$libinit$$00000030) for __rt_lib_init_exceptions_1
    libinit.o(.ARM.Collect$$libinit$$00000000) refers (Special) to libinit2.o(.ARM.Collect$$libinit$$00000002) for __rt_lib_init_fp_1
    libinit.o(.ARM.Collect$$libinit$$00000000) refers (Special) to libinit2.o(.ARM.Collect$$libinit$$0000001F) for __rt_lib_init_fp_trap_1
    libinit.o(.ARM.Collect$$libinit$$00000000) refers (Special) to libinit2.o(.ARM.Collect$$libinit$$00000023) for __rt_lib_init_getenv_1
    libinit.o(.ARM.Collect$$libinit$$00000000) refers (Special) to libinit2.o(.ARM.Collect$$libinit$$0000000A) for __rt_lib_init_heap_1
    libinit.o(.ARM.Collect$$libinit$$00000000) refers (Special) to libinit2.o(.ARM.Collect$$libinit$$00000011) for __rt_lib_init_lc_collate_1
    libinit.o(.ARM.Collect$$libinit$$00000000) refers (Special) to libinit2.o(.ARM.Collect$$libinit$$00000013) for __rt_lib_init_lc_ctype_1
    libinit.o(.ARM.Collect$$libinit$$00000000) refers (Special) to libinit2.o(.ARM.Collect$$libinit$$00000015) for __rt_lib_init_lc_monetary_1
    libinit.o(.ARM.Collect$$libinit$$00000000) refers (Special) to libinit2.o(.ARM.Collect$$libinit$$00000017) for __rt_lib_init_lc_numeric_1
    libinit.o(.ARM.Collect$$libinit$$00000000) refers (Special) to libinit2.o(.ARM.Collect$$libinit$$00000019) for __rt_lib_init_lc_time_1
    libinit.o(.ARM.Collect$$libinit$$00000000) refers (Special) to libinit2.o(.ARM.Collect$$libinit$$00000004) for __rt_lib_init_preinit_1
    libinit.o(.ARM.Collect$$libinit$$00000000) refers (Special) to libinit2.o(.ARM.Collect$$libinit$$0000000E) for __rt_lib_init_rand_1
    libinit.o(.ARM.Collect$$libinit$$00000000) refers (Special) to libinit2.o(.ARM.Collect$$libinit$$00000033) for __rt_lib_init_return
    libinit.o(.ARM.Collect$$libinit$$00000000) refers (Special) to libinit2.o(.ARM.Collect$$libinit$$0000001D) for __rt_lib_init_signal_1
    libinit.o(.ARM.Collect$$libinit$$00000000) refers (Special) to libinit2.o(.ARM.Collect$$libinit$$00000025) for __rt_lib_init_stdio_1
    libinit.o(.ARM.Collect$$libinit$$00000000) refers (Special) to libinit2.o(.ARM.Collect$$libinit$$0000000C) for __rt_lib_init_user_alloc_1
    libspace.o(.text) refers to libspace.o(.bss) for __libspace_start
    rtexit.o(.ARM.Collect$$rtexit$$00000000) refers (Special) to rtexit2.o(.ARM.Collect$$rtexit$$00000004) for __rt_exit_exit
    rtexit.o(.ARM.Collect$$rtexit$$00000000) refers (Special) to rtexit2.o(.ARM.Collect$$rtexit$$00000003) for __rt_exit_ls
    rtexit.o(.ARM.Collect$$rtexit$$00000000) refers (Special) to rtexit2.o(.ARM.Collect$$rtexit$$00000002) for __rt_exit_prels_1
    rtexit.o(.ARM.exidx) refers (Special) to rtexit2.o(.ARM.Collect$$rtexit$$00000004) for __rt_exit_exit
    rtexit.o(.ARM.exidx) refers (Special) to rtexit2.o(.ARM.Collect$$rtexit$$00000003) for __rt_exit_ls
    rtexit.o(.ARM.exidx) refers (Special) to rtexit2.o(.ARM.Collect$$rtexit$$00000002) for __rt_exit_prels_1
    rtexit.o(.ARM.exidx) refers to rtexit.o(.ARM.Collect$$rtexit$$00000000) for .ARM.Collect$$rtexit$$00000000
    libinit2.o(.ARM.Collect$$libinit$$00000010) refers to libinit2.o(.ARM.Collect$$libinit$$0000000F) for .ARM.Collect$$libinit$$0000000F
    libinit2.o(.ARM.Collect$$libinit$$00000012) refers to libinit2.o(.ARM.Collect$$libinit$$0000000F) for .ARM.Collect$$libinit$$0000000F
    libinit2.o(.ARM.Collect$$libinit$$00000014) refers to libinit2.o(.ARM.Collect$$libinit$$0000000F) for .ARM.Collect$$libinit$$0000000F
    libinit2.o(.ARM.Collect$$libinit$$00000016) refers to libinit2.o(.ARM.Collect$$libinit$$0000000F) for .ARM.Collect$$libinit$$0000000F
    libinit2.o(.ARM.Collect$$libinit$$00000018) refers to libinit2.o(.ARM.Collect$$libinit$$0000000F) for .ARM.Collect$$libinit$$0000000F
    libinit2.o(.ARM.Collect$$libinit$$00000026) refers to argv_veneer.o(.emb_text) for __ARM_argv_veneer
    libinit2.o(.ARM.Collect$$libinit$$00000027) refers to argv_veneer.o(.emb_text) for __ARM_argv_veneer
    rtexit2.o(.ARM.Collect$$rtexit$$00000003) refers to libshutdown.o(.ARM.Collect$$libshutdown$$00000000) for __rt_lib_shutdown
    rtexit2.o(.ARM.Collect$$rtexit$$00000004) refers to sys_exit.o(.text) for _sys_exit
    rtexit2.o(.ARM.exidx) refers to rtexit2.o(.ARM.Collect$$rtexit$$00000001) for .ARM.Collect$$rtexit$$00000001
    rtexit2.o(.ARM.exidx) refers to rtexit2.o(.ARM.Collect$$rtexit$$00000003) for .ARM.Collect$$rtexit$$00000003
    rtexit2.o(.ARM.exidx) refers to rtexit2.o(.ARM.Collect$$rtexit$$00000004) for .ARM.Collect$$rtexit$$00000004
    argv_veneer.o(.emb_text) refers to no_argv.o(.text) for __ARM_get_argv
    sys_exit.o(.text) refers (Special) to use_no_semi.o(.text) for __I$use$semihosting
    sys_exit.o(.text) refers (Special) to indicate_semi.o(.text) for __semihosting_library_function
    _get_argv_nomalloc.o(.text) refers (Special) to hrguard.o(.text) for __heap_region$guard
    _get_argv_nomalloc.o(.text) refers to defsig_rtmem_outer.o(.text) for __rt_SIGRTMEM
    _get_argv_nomalloc.o(.text) refers to sys_command.o(.text) for _sys_command_string
    libshutdown.o(.ARM.Collect$$libshutdown$$00000000) refers (Special) to libshutdown2.o(.ARM.Collect$$libshutdown$$00000002) for __rt_lib_shutdown_cpp_1
    libshutdown.o(.ARM.Collect$$libshutdown$$00000000) refers (Special) to libshutdown2.o(.ARM.Collect$$libshutdown$$00000007) for __rt_lib_shutdown_fp_trap_1
    libshutdown.o(.ARM.Collect$$libshutdown$$00000000) refers (Special) to libshutdown2.o(.ARM.Collect$$libshutdown$$0000000F) for __rt_lib_shutdown_heap_1
    libshutdown.o(.ARM.Collect$$libshutdown$$00000000) refers (Special) to libshutdown2.o(.ARM.Collect$$libshutdown$$00000010) for __rt_lib_shutdown_return
    libshutdown.o(.ARM.Collect$$libshutdown$$00000000) refers (Special) to libshutdown2.o(.ARM.Collect$$libshutdown$$0000000A) for __rt_lib_shutdown_signal_1
    libshutdown.o(.ARM.Collect$$libshutdown$$00000000) refers (Special) to libshutdown2.o(.ARM.Collect$$libshutdown$$00000004) for __rt_lib_shutdown_stdio_1
    libshutdown.o(.ARM.Collect$$libshutdown$$00000000) refers (Special) to libshutdown2.o(.ARM.Collect$$libshutdown$$0000000C) for __rt_lib_shutdown_user_alloc_1
    sys_command.o(.text) refers (Special) to use_no_semi.o(.text) for __I$use$semihosting
    sys_command.o(.text) refers (Special) to indicate_semi.o(.text) for __semihosting_library_function
    defsig_rtmem_outer.o(.text) refers to defsig_rtmem_inner.o(.text) for __rt_SIGRTMEM_inner
    defsig_rtmem_outer.o(.text) refers to defsig_exit.o(.text) for __sig_exit
    defsig_rtmem_formal.o(.text) refers to rt_raise.o(.text) for __rt_raise
    rt_raise.o(.text) refers to __raise.o(.text) for __raise
    rt_raise.o(.text) refers to sys_exit.o(.text) for _sys_exit
    defsig_exit.o(.text) refers to sys_exit.o(.text) for _sys_exit
    defsig_rtmem_inner.o(.text) refers to defsig_general.o(.text) for __default_signal_display
    __raise.o(.text) refers to defsig.o(CL$$defsig) for __default_signal_handler
    defsig_general.o(.text) refers to sys_wrch.o(.text) for _ttywrch
    sys_wrch.o(.text) refers (Special) to use_no_semi.o(.text) for __I$use$semihosting
    sys_wrch.o(.text) refers (Special) to indicate_semi.o(.text) for __semihosting_library_function
    defsig.o(CL$$defsig) refers to defsig_rtmem_inner.o(.text) for __rt_SIGRTMEM_inner
    defsig_abrt_inner.o(.text) refers to defsig_general.o(.text) for __default_signal_display
    defsig_fpe_inner.o(.text) refers to defsig_general.o(.text) for __default_signal_display
    defsig_rtred_inner.o(.text) refers to defsig_general.o(.text) for __default_signal_display
    defsig_stak_inner.o(.text) refers to defsig_general.o(.text) for __default_signal_display
    defsig_pvfn_inner.o(.text) refers to defsig_general.o(.text) for __default_signal_display
    defsig_cppl_inner.o(.text) refers to defsig_general.o(.text) for __default_signal_display
    defsig_segv_inner.o(.text) refers to defsig_general.o(.text) for __default_signal_display
    defsig_other.o(.text) refers to defsig_general.o(.text) for __default_signal_display


==============================================================================

Removing Unused input sections from the image.

    Removing main.o(.rev16_text), (4 bytes).
    Removing main.o(.revsh_text), (4 bytes).
    Removing freescale_gpio.o(.rev16_text), (4 bytes).
    Removing freescale_gpio.o(.revsh_text), (4 bytes).
    Removing freescale_sim.o(.rev16_text), (4 bytes).
    Removing freescale_sim.o(.revsh_text), (4 bytes).
    Removing freescale_sim.o(i.SIM_SCGC1PeriphClockCmd), (24 bytes).
    Removing freescale_sim.o(i.SIM_SCGC2PeriphClockCmd), (24 bytes).
    Removing freescale_sim.o(i.SIM_SCGC3PeriphClockCmd), (24 bytes).
    Removing freescale_pit.o(.rev16_text), (4 bytes).
    Removing freescale_pit.o(.revsh_text), (4 bytes).
    Removing freescale_usart.o(.rev16_text), (4 bytes).
    Removing freescale_usart.o(.revsh_text), (4 bytes).
    Removing freescale_adc.o(.rev16_text), (4 bytes).
    Removing freescale_adc.o(.revsh_text), (4 bytes).
    Removing system32.o(.rev16_text), (4 bytes).
    Removing system32.o(.revsh_text), (4 bytes).
    Removing system32.o(i.Delay_us), (56 bytes).
    Removing system_mk60d10.o(.rev16_text), (4 bytes).
    Removing system_mk60d10.o(.revsh_text), (4 bytes).

20 unused section(s) (total 192 bytes) removed from the image.

==============================================================================

Image Symbol Table

    Local Symbols

    Symbol Name                              Value     Ov Type        Size  Object(Section)

    RESET                                    0x00000000   Section     1024  startup_mk60dz10.o(RESET)
    ../clib/angel/boardlib.s                 0x00000000   Number         0  boardshut.o ABSOLUTE
    ../clib/angel/boardlib.s                 0x00000000   Number         0  boardinit1.o ABSOLUTE
    ../clib/angel/boardlib.s                 0x00000000   Number         0  boardinit2.o ABSOLUTE
    ../clib/angel/boardlib.s                 0x00000000   Number         0  boardinit3.o ABSOLUTE
    ../clib/angel/handlers.s                 0x00000000   Number         0  __scatter_zi.o ABSOLUTE
    ../clib/angel/handlers.s                 0x00000000   Number         0  __scatter_copy.o ABSOLUTE
    ../clib/angel/kernel.s                   0x00000000   Number         0  rtexit2.o ABSOLUTE
    ../clib/angel/kernel.s                   0x00000000   Number         0  __rtentry2.o ABSOLUTE
    ../clib/angel/kernel.s                   0x00000000   Number         0  __rtentry4.o ABSOLUTE
    ../clib/angel/kernel.s                   0x00000000   Number         0  __rtentry.o ABSOLUTE
    ../clib/angel/kernel.s                   0x00000000   Number         0  rtexit.o ABSOLUTE
    ../clib/angel/rt.s                       0x00000000   Number         0  rt_raise.o ABSOLUTE
    ../clib/angel/scatter.s                  0x00000000   Number         0  __scatter.o ABSOLUTE
    ../clib/angel/startup.s                  0x00000000   Number         0  __main.o ABSOLUTE
    ../clib/angel/sys.s                      0x00000000   Number         0  use_no_semi.o ABSOLUTE
    ../clib/angel/sys.s                      0x00000000   Number         0  indicate_semi.o ABSOLUTE
    ../clib/angel/sys.s                      0x00000000   Number         0  libspace.o ABSOLUTE
    ../clib/angel/sys.s                      0x00000000   Number         0  sys_stackheap_outer.o ABSOLUTE
    ../clib/angel/sysapp.c                   0x00000000   Number         0  sys_exit.o ABSOLUTE
    ../clib/angel/sysapp.c                   0x00000000   Number         0  sys_wrch.o ABSOLUTE
    ../clib/angel/sysapp.c                   0x00000000   Number         0  sys_command.o ABSOLUTE
    ../clib/armsys.c                         0x00000000   Number         0  argv_veneer.o ABSOLUTE
    ../clib/armsys.c                         0x00000000   Number         0  _get_argv_nomalloc.o ABSOLUTE
    ../clib/armsys.c                         0x00000000   Number         0  argv_veneer.o ABSOLUTE
    ../clib/armsys.c                         0x00000000   Number         0  no_argv.o ABSOLUTE
    ../clib/heapalloc.c                      0x00000000   Number         0  hrguard.o ABSOLUTE
    ../clib/heapaux.c                        0x00000000   Number         0  heapauxi.o ABSOLUTE
    ../clib/libinit.s                        0x00000000   Number         0  libinit.o ABSOLUTE
    ../clib/libinit.s                        0x00000000   Number         0  libinit2.o ABSOLUTE
    ../clib/libinit.s                        0x00000000   Number         0  libshutdown.o ABSOLUTE
    ../clib/libinit.s                        0x00000000   Number         0  libshutdown2.o ABSOLUTE
    ../clib/printf.c                         0x00000000   Number         0  __printf_nopercent.o ABSOLUTE
    ../clib/printf.c                         0x00000000   Number         0  __printf_ss_wp.o ABSOLUTE
    ../clib/printf.c                         0x00000000   Number         0  __printf_flags_ss_wp.o ABSOLUTE
    ../clib/printf.c                         0x00000000   Number         0  __2sprintf.o ABSOLUTE
    ../clib/printf.c                         0x00000000   Number         0  noretval__2sprintf.o ABSOLUTE
    ../clib/printf.c                         0x00000000   Number         0  __printf_flags.o ABSOLUTE
    ../clib/printf.c                         0x00000000   Number         0  __printf_flags_wp.o ABSOLUTE
    ../clib/printf.c                         0x00000000   Number         0  __printf.o ABSOLUTE
    ../clib/printf.c                         0x00000000   Number         0  __printf_flags_ss.o ABSOLUTE
    ../clib/printf.c                         0x00000000   Number         0  _printf_dec.o ABSOLUTE
    ../clib/printf.c                         0x00000000   Number         0  __printf_ss.o ABSOLUTE
    ../clib/printf.c                         0x00000000   Number         0  __printf_wp.o ABSOLUTE
    ../clib/printf.c                         0x00000000   Number         0  _printf_intcommon.o ABSOLUTE
    ../clib/printf.c                         0x00000000   Number         0  _printf_char_common.o ABSOLUTE
    ../clib/printf.c                         0x00000000   Number         0  _sputc.o ABSOLUTE
    ../clib/printf_percent.s                 0x00000000   Number         0  _printf_percent_end.o ABSOLUTE
    ../clib/printf_percent.s                 0x00000000   Number         0  _printf_percent.o ABSOLUTE
    ../clib/printf_percent.s                 0x00000000   Number         0  _printf_d.o ABSOLUTE
    ../clib/signal.c                         0x00000000   Number         0  __raise.o ABSOLUTE
    ../clib/signal.c                         0x00000000   Number         0  defsig_general.o ABSOLUTE
    ../clib/signal.c                         0x00000000   Number         0  defsig_rtmem_formal.o ABSOLUTE
    ../clib/signal.c                         0x00000000   Number         0  defsig_other.o ABSOLUTE
    ../clib/signal.c                         0x00000000   Number         0  defsig_abrt_inner.o ABSOLUTE
    ../clib/signal.c                         0x00000000   Number         0  defsig_fpe_inner.o ABSOLUTE
    ../clib/signal.c                         0x00000000   Number         0  defsig_rtred_inner.o ABSOLUTE
    ../clib/signal.c                         0x00000000   Number         0  defsig_segv_inner.o ABSOLUTE
    ../clib/signal.c                         0x00000000   Number         0  defsig_cppl_inner.o ABSOLUTE
    ../clib/signal.c                         0x00000000   Number         0  defsig_stak_inner.o ABSOLUTE
    ../clib/signal.c                         0x00000000   Number         0  defsig_pvfn_inner.o ABSOLUTE
    ../clib/signal.c                         0x00000000   Number         0  defsig_rtmem_outer.o ABSOLUTE
    ../clib/signal.c                         0x00000000   Number         0  defsig_exit.o ABSOLUTE
    ../clib/signal.c                         0x00000000   Number         0  defsig_rtmem_inner.o ABSOLUTE
    ../clib/signal.s                         0x00000000   Number         0  defsig.o ABSOLUTE
    ../clib/stdlib.c                         0x00000000   Number         0  exit.o ABSOLUTE
    ../fplib/fpinit.s                        0x00000000   Number         0  fpinit.o ABSOLUTE
    ..\Hardware\src\freescale_adc.c          0x00000000   Number         0  freescale_adc.o ABSOLUTE
    ..\Hardware\src\freescale_gpio.c         0x00000000   Number         0  freescale_gpio.o ABSOLUTE
    ..\Hardware\src\freescale_pit.c          0x00000000   Number         0  freescale_pit.o ABSOLUTE
    ..\Hardware\src\freescale_sim.c          0x00000000   Number         0  freescale_sim.o ABSOLUTE
    ..\Hardware\src\freescale_usart.c        0x00000000   Number         0  freescale_usart.o ABSOLUTE
    ..\System\STA\startup_MK60DZ10.s         0x00000000   Number         0  startup_mk60dz10.o ABSOLUTE
    ..\System\SYS\System32.c                 0x00000000   Number         0  system32.o ABSOLUTE
    ..\System\SYS\system_MK60D10.c           0x00000000   Number         0  system_mk60d10.o ABSOLUTE
    ..\System\main.c                         0x00000000   Number         0  main.o ABSOLUTE
    ..\\Hardware\\src\\freescale_adc.c       0x00000000   Number         0  freescale_adc.o ABSOLUTE
    ..\\Hardware\\src\\freescale_gpio.c      0x00000000   Number         0  freescale_gpio.o ABSOLUTE
    ..\\Hardware\\src\\freescale_pit.c       0x00000000   Number         0  freescale_pit.o ABSOLUTE
    ..\\Hardware\\src\\freescale_sim.c       0x00000000   Number         0  freescale_sim.o ABSOLUTE
    ..\\Hardware\\src\\freescale_usart.c     0x00000000   Number         0  freescale_usart.o ABSOLUTE
    ..\\System\\SYS\\System32.c              0x00000000   Number         0  system32.o ABSOLUTE
    ..\\System\\SYS\\system_MK60D10.c        0x00000000   Number         0  system_mk60d10.o ABSOLUTE
    ..\\System\\main.c                       0x00000000   Number         0  main.o ABSOLUTE
    dc.s                                     0x00000000   Number         0  dc.o ABSOLUTE
    .ARM.__at_0x400                          0x00000400   Section       16  startup_mk60dz10.o(.ARM.__at_0x400)
    !!!main                                  0x00000410   Section        8  __main.o(!!!main)
    !!!scatter                               0x00000418   Section       52  __scatter.o(!!!scatter)
    !!handler_copy                           0x0000044c   Section       26  __scatter_copy.o(!!handler_copy)
    !!handler_zi                             0x00000468   Section       28  __scatter_zi.o(!!handler_zi)
    .ARM.Collect$$_printf_percent$$00000000  0x00000484   Section        0  _printf_percent.o(.ARM.Collect$$_printf_percent$$00000000)
    .ARM.Collect$$_printf_percent$$00000009  0x00000484   Section        6  _printf_d.o(.ARM.Collect$$_printf_percent$$00000009)
    .ARM.Collect$$_printf_percent$$00000017  0x0000048a   Section        4  _printf_percent_end.o(.ARM.Collect$$_printf_percent$$00000017)
    .ARM.Collect$$libinit$$00000000          0x0000048e   Section        2  libinit.o(.ARM.Collect$$libinit$$00000000)
    .ARM.Collect$$libinit$$00000002          0x00000490   Section        0  libinit2.o(.ARM.Collect$$libinit$$00000002)
    .ARM.Collect$$libinit$$00000004          0x00000490   Section        0  libinit2.o(.ARM.Collect$$libinit$$00000004)
    .ARM.Collect$$libinit$$0000000A          0x00000490   Section        0  libinit2.o(.ARM.Collect$$libinit$$0000000A)
    .ARM.Collect$$libinit$$0000000C          0x00000490   Section        0  libinit2.o(.ARM.Collect$$libinit$$0000000C)
    .ARM.Collect$$libinit$$0000000E          0x00000490   Section        0  libinit2.o(.ARM.Collect$$libinit$$0000000E)
    .ARM.Collect$$libinit$$00000011          0x00000490   Section        0  libinit2.o(.ARM.Collect$$libinit$$00000011)
    .ARM.Collect$$libinit$$00000013          0x00000490   Section        0  libinit2.o(.ARM.Collect$$libinit$$00000013)
    .ARM.Collect$$libinit$$00000015          0x00000490   Section        0  libinit2.o(.ARM.Collect$$libinit$$00000015)
    .ARM.Collect$$libinit$$00000017          0x00000490   Section        0  libinit2.o(.ARM.Collect$$libinit$$00000017)
    .ARM.Collect$$libinit$$00000019          0x00000490   Section        0  libinit2.o(.ARM.Collect$$libinit$$00000019)
    .ARM.Collect$$libinit$$0000001B          0x00000490   Section        0  libinit2.o(.ARM.Collect$$libinit$$0000001B)
    .ARM.Collect$$libinit$$0000001D          0x00000490   Section        0  libinit2.o(.ARM.Collect$$libinit$$0000001D)
    .ARM.Collect$$libinit$$0000001F          0x00000490   Section        0  libinit2.o(.ARM.Collect$$libinit$$0000001F)
    .ARM.Collect$$libinit$$00000021          0x00000490   Section        0  libinit2.o(.ARM.Collect$$libinit$$00000021)
    .ARM.Collect$$libinit$$00000023          0x00000490   Section        0  libinit2.o(.ARM.Collect$$libinit$$00000023)
    .ARM.Collect$$libinit$$00000025          0x00000490   Section        0  libinit2.o(.ARM.Collect$$libinit$$00000025)
    .ARM.Collect$$libinit$$0000002C          0x00000490   Section        0  libinit2.o(.ARM.Collect$$libinit$$0000002C)
    .ARM.Collect$$libinit$$0000002E          0x00000490   Section        0  libinit2.o(.ARM.Collect$$libinit$$0000002E)
    .ARM.Collect$$libinit$$00000030          0x00000490   Section        0  libinit2.o(.ARM.Collect$$libinit$$00000030)
    .ARM.Collect$$libinit$$00000032          0x00000490   Section        0  libinit2.o(.ARM.Collect$$libinit$$00000032)
    .ARM.Collect$$libinit$$00000033          0x00000490   Section        2  libinit2.o(.ARM.Collect$$libinit$$00000033)
    .ARM.Collect$$libshutdown$$00000000      0x00000492   Section        2  libshutdown.o(.ARM.Collect$$libshutdown$$00000000)
    .ARM.Collect$$libshutdown$$00000002      0x00000494   Section        0  libshutdown2.o(.ARM.Collect$$libshutdown$$00000002)
    .ARM.Collect$$libshutdown$$00000004      0x00000494   Section        0  libshutdown2.o(.ARM.Collect$$libshutdown$$00000004)
    .ARM.Collect$$libshutdown$$00000007      0x00000494   Section        0  libshutdown2.o(.ARM.Collect$$libshutdown$$00000007)
    .ARM.Collect$$libshutdown$$0000000A      0x00000494   Section        0  libshutdown2.o(.ARM.Collect$$libshutdown$$0000000A)
    .ARM.Collect$$libshutdown$$0000000C      0x00000494   Section        0  libshutdown2.o(.ARM.Collect$$libshutdown$$0000000C)
    .ARM.Collect$$libshutdown$$0000000F      0x00000494   Section        0  libshutdown2.o(.ARM.Collect$$libshutdown$$0000000F)
    .ARM.Collect$$libshutdown$$00000010      0x00000494   Section        2  libshutdown2.o(.ARM.Collect$$libshutdown$$00000010)
    .ARM.Collect$$rtentry$$00000000          0x00000496   Section        0  __rtentry.o(.ARM.Collect$$rtentry$$00000000)
    .ARM.Collect$$rtentry$$00000002          0x00000496   Section        0  __rtentry2.o(.ARM.Collect$$rtentry$$00000002)
    .ARM.Collect$$rtentry$$00000004          0x00000496   Section        6  __rtentry4.o(.ARM.Collect$$rtentry$$00000004)
    .ARM.Collect$$rtentry$$00000009          0x0000049c   Section        0  __rtentry2.o(.ARM.Collect$$rtentry$$00000009)
    .ARM.Collect$$rtentry$$0000000A          0x0000049c   Section        4  __rtentry2.o(.ARM.Collect$$rtentry$$0000000A)
    .ARM.Collect$$rtentry$$0000000C          0x000004a0   Section        0  __rtentry2.o(.ARM.Collect$$rtentry$$0000000C)
    .ARM.Collect$$rtentry$$0000000D          0x000004a0   Section        8  __rtentry2.o(.ARM.Collect$$rtentry$$0000000D)
    .ARM.Collect$$rtexit$$00000000           0x000004a8   Section        2  rtexit.o(.ARM.Collect$$rtexit$$00000000)
    .ARM.Collect$$rtexit$$00000002           0x000004aa   Section        0  rtexit2.o(.ARM.Collect$$rtexit$$00000002)
    .ARM.Collect$$rtexit$$00000003           0x000004aa   Section        4  rtexit2.o(.ARM.Collect$$rtexit$$00000003)
    .ARM.Collect$$rtexit$$00000004           0x000004ae   Section        6  rtexit2.o(.ARM.Collect$$rtexit$$00000004)
    .text                                    0x000004b4   Section       64  startup_mk60dz10.o(.text)
    .text                                    0x000004f4   Section        0  noretval__2sprintf.o(.text)
    .text                                    0x0000051c   Section        0  __printf.o(.text)
    .text                                    0x00000584   Section        0  _printf_dec.o(.text)
    .text                                    0x000005fc   Section        0  heapauxi.o(.text)
    .text                                    0x00000602   Section        0  _printf_intcommon.o(.text)
    .text                                    0x000006b4   Section        0  _printf_char_common.o(.text)
    _printf_input_char                       0x000006b5   Thumb Code    10  _printf_char_common.o(.text)
    .text                                    0x000006e4   Section        0  _sputc.o(.text)
    .text                                    0x000006ee   Section       74  sys_stackheap_outer.o(.text)
    .text                                    0x00000738   Section        0  exit.o(.text)
    .text                                    0x0000074c   Section        8  libspace.o(.text)
    .text                                    0x00000754   Section        0  sys_exit.o(.text)
    .text                                    0x00000760   Section        2  use_no_semi.o(.text)
    .text                                    0x00000762   Section        0  indicate_semi.o(.text)
    i.ADC                                    0x00000764   Section        0  main.o(i.ADC)
    i.ADC_Calibrate                          0x000007bc   Section        0  freescale_adc.o(i.ADC_Calibrate)
    i.ADC_DiscModeChannelCountConfig         0x00000836   Section        0  freescale_adc.o(i.ADC_DiscModeChannelCountConfig)
    i.ADC_GetConversionValue                 0x00000852   Section        0  freescale_adc.o(i.ADC_GetConversionValue)
    i.ADC_GetSoftwareStartConvStatus         0x0000085c   Section        0  freescale_adc.o(i.ADC_GetSoftwareStartConvStatus)
    i.ADC_Init                               0x0000086c   Section        0  freescale_adc.o(i.ADC_Init)
    i.ADC_Result                             0x00000928   Section        0  main.o(i.ADC_Result)
    i.Delay_EXms                             0x00000954   Section        0  system32.o(i.Delay_EXms)
    i.Delay_ms                               0x00000978   Section        0  system32.o(i.Delay_ms)
    i.GPIO_Init                              0x000009b0   Section        0  freescale_gpio.o(i.GPIO_Init)
    i.GPIO_PinAFConfig                       0x00000a58   Section        0  freescale_gpio.o(i.GPIO_PinAFConfig)
    i.GetProcessorInfo                       0x00000a74   Section        0  freescale_sim.o(i.GetProcessorInfo)
    i.PIT0_IRQHandler                        0x00000ae8   Section        0  main.o(i.PIT0_IRQHandler)
    i.PIT_Flag_Clear                         0x00000b20   Section        0  freescale_pit.o(i.PIT_Flag_Clear)
    i.PIT_Init                               0x00000b38   Section        0  freescale_pit.o(i.PIT_Init)
    i.SIM_SCGC4PeriphClockCmd                0x00000b94   Section        0  freescale_sim.o(i.SIM_SCGC4PeriphClockCmd)
    i.SIM_SCGC5PeriphClockCmd                0x00000bac   Section        0  freescale_sim.o(i.SIM_SCGC5PeriphClockCmd)
    i.SIM_SCGC6PeriphClockCmd                0x00000bc4   Section        0  freescale_sim.o(i.SIM_SCGC6PeriphClockCmd)
    i.SysTick_Init                           0x00000bdc   Section        0  system32.o(i.SysTick_Init)
    i.SystemCoreClockUpdate                  0x00000c14   Section        0  system_mk60d10.o(i.SystemCoreClockUpdate)
    i.SystemInit                             0x00000d1c   Section        0  system_mk60d10.o(i.SystemInit)
    i.USART_GetFlagStatus                    0x00000d70   Section        0  freescale_usart.o(i.USART_GetFlagStatus)
    i.USART_Init                             0x00000d80   Section        0  freescale_usart.o(i.USART_Init)
    i.USART_ReceiveData                      0x00000e18   Section        0  freescale_usart.o(i.USART_ReceiveData)
    i.USART_SendData                         0x00000e1c   Section        0  freescale_usart.o(i.USART_SendData)
    i.Usart_Send                             0x00000e20   Section        0  main.o(i.Usart_Send)
    i.main                                   0x00000e50   Section        0  main.o(i.main)
    .data                                    0x20000000   Section        8  system32.o(.data)
    fac_us                                   0x20000000   Data           2  system32.o(.data)
    fac_ms                                   0x20000004   Data           4  system32.o(.data)
    .data                                    0x20000008   Section        4  system_mk60d10.o(.data)
    .bss                                     0x2000000c   Section       24  freescale_sim.o(.bss)
    .bss                                     0x20000024   Section       96  libspace.o(.bss)
    HEAP                                     0x20000088   Section     1024  startup_mk60dz10.o(HEAP)
    Heap_Mem                                 0x20000088   Data        1024  startup_mk60dz10.o(HEAP)
    STACK                                    0x20000488   Section     2048  startup_mk60dz10.o(STACK)
    Stack_Mem                                0x20000488   Data        2048  startup_mk60dz10.o(STACK)
    __initial_sp                             0x20000c88   Data           0  startup_mk60dz10.o(STACK)

    Global Symbols

    Symbol Name                              Value     Ov Type        Size  Object(Section)

    BuildAttributes$$THM_ISAv4$E$P$D$K$B$S$7EM$PE$A:L22UL41UL21$X:L11$S22US41US21$IEEE1$IW$USESV6$~STKCKD$USESV7$~SHL$OSPACE$ROPI$EBA8$UX$STANDARDLIB$REQ8$PRES8$EABIv2 0x00000000   Number         0  anon$$obj.o ABSOLUTE
    __ARM_use_no_argv                        0x00000000   Number         0  main.o ABSOLUTE
    __Vectors                                0x00000000   Data           4  startup_mk60dz10.o(RESET)
    __ARM_exceptions_init                     - Undefined Weak Reference
    __alloca_initialize                       - Undefined Weak Reference
    __arm_preinit_                            - Undefined Weak Reference
    __cpp_initialize__aeabi_                  - Undefined Weak Reference
    __cxa_finalize                            - Undefined Weak Reference
    __rt_locale                               - Undefined Weak Reference
    __sigvec_lookup                           - Undefined Weak Reference
    _atexit_init                              - Undefined Weak Reference
    _call_atexit_fns                          - Undefined Weak Reference
    _clock_init                               - Undefined Weak Reference
    _fp_trap_init                             - Undefined Weak Reference
    _fp_trap_shutdown                         - Undefined Weak Reference
    _get_lc_collate                           - Undefined Weak Reference
    _get_lc_ctype                             - Undefined Weak Reference
    _get_lc_monetary                          - Undefined Weak Reference
    _get_lc_numeric                           - Undefined Weak Reference
    _get_lc_time                              - Undefined Weak Reference
    _getenv_init                              - Undefined Weak Reference
    _handle_redirection                       - Undefined Weak Reference
    _init_alloc                               - Undefined Weak Reference
    _init_user_alloc                          - Undefined Weak Reference
    _initio                                   - Undefined Weak Reference
    _printf_post_padding                      - Undefined Weak Reference
    _printf_pre_padding                       - Undefined Weak Reference
    _printf_truncate_signed                   - Undefined Weak Reference
    _printf_truncate_unsigned                 - Undefined Weak Reference
    _rand_init                                - Undefined Weak Reference
    _signal_finish                            - Undefined Weak Reference
    _signal_init                              - Undefined Weak Reference
    _terminate_alloc                          - Undefined Weak Reference
    _terminate_user_alloc                     - Undefined Weak Reference
    _terminateio                              - Undefined Weak Reference
    __Vectors_End                            0x00000400   Data           0  startup_mk60dz10.o(RESET)
    __Vectors_Size                           0x00000400   Number         0  startup_mk60dz10.o ABSOLUTE
    __main                                   0x00000411   Thumb Code     8  __main.o(!!!main)
    __scatterload                            0x00000419   Thumb Code     0  __scatter.o(!!!scatter)
    __scatterload_rt2                        0x00000419   Thumb Code    44  __scatter.o(!!!scatter)
    __scatterload_rt2_thumb_only             0x00000419   Thumb Code     0  __scatter.o(!!!scatter)
    __scatterload_null                       0x00000427   Thumb Code     0  __scatter.o(!!!scatter)
    __scatterload_copy                       0x0000044d   Thumb Code    26  __scatter_copy.o(!!handler_copy)
    __scatterload_zeroinit                   0x00000469   Thumb Code    28  __scatter_zi.o(!!handler_zi)
    _printf_d                                0x00000485   Thumb Code     0  _printf_d.o(.ARM.Collect$$_printf_percent$$00000009)
    _printf_percent                          0x00000485   Thumb Code     0  _printf_percent.o(.ARM.Collect$$_printf_percent$$00000000)
    _printf_percent_end                      0x0000048b   Thumb Code     0  _printf_percent_end.o(.ARM.Collect$$_printf_percent$$00000017)
    __rt_lib_init                            0x0000048f   Thumb Code     0  libinit.o(.ARM.Collect$$libinit$$00000000)
    __rt_lib_init_alloca_1                   0x00000491   Thumb Code     0  libinit2.o(.ARM.Collect$$libinit$$0000002E)
    __rt_lib_init_argv_1                     0x00000491   Thumb Code     0  libinit2.o(.ARM.Collect$$libinit$$0000002C)
    __rt_lib_init_atexit_1                   0x00000491   Thumb Code     0  libinit2.o(.ARM.Collect$$libinit$$0000001B)
    __rt_lib_init_clock_1                    0x00000491   Thumb Code     0  libinit2.o(.ARM.Collect$$libinit$$00000021)
    __rt_lib_init_cpp_1                      0x00000491   Thumb Code     0  libinit2.o(.ARM.Collect$$libinit$$00000032)
    __rt_lib_init_exceptions_1               0x00000491   Thumb Code     0  libinit2.o(.ARM.Collect$$libinit$$00000030)
    __rt_lib_init_fp_1                       0x00000491   Thumb Code     0  libinit2.o(.ARM.Collect$$libinit$$00000002)
    __rt_lib_init_fp_trap_1                  0x00000491   Thumb Code     0  libinit2.o(.ARM.Collect$$libinit$$0000001F)
    __rt_lib_init_getenv_1                   0x00000491   Thumb Code     0  libinit2.o(.ARM.Collect$$libinit$$00000023)
    __rt_lib_init_heap_1                     0x00000491   Thumb Code     0  libinit2.o(.ARM.Collect$$libinit$$0000000A)
    __rt_lib_init_lc_collate_1               0x00000491   Thumb Code     0  libinit2.o(.ARM.Collect$$libinit$$00000011)
    __rt_lib_init_lc_ctype_1                 0x00000491   Thumb Code     0  libinit2.o(.ARM.Collect$$libinit$$00000013)
    __rt_lib_init_lc_monetary_1              0x00000491   Thumb Code     0  libinit2.o(.ARM.Collect$$libinit$$00000015)
    __rt_lib_init_lc_numeric_1               0x00000491   Thumb Code     0  libinit2.o(.ARM.Collect$$libinit$$00000017)
    __rt_lib_init_lc_time_1                  0x00000491   Thumb Code     0  libinit2.o(.ARM.Collect$$libinit$$00000019)
    __rt_lib_init_preinit_1                  0x00000491   Thumb Code     0  libinit2.o(.ARM.Collect$$libinit$$00000004)
    __rt_lib_init_rand_1                     0x00000491   Thumb Code     0  libinit2.o(.ARM.Collect$$libinit$$0000000E)
    __rt_lib_init_return                     0x00000491   Thumb Code     0  libinit2.o(.ARM.Collect$$libinit$$00000033)
    __rt_lib_init_signal_1                   0x00000491   Thumb Code     0  libinit2.o(.ARM.Collect$$libinit$$0000001D)
    __rt_lib_init_stdio_1                    0x00000491   Thumb Code     0  libinit2.o(.ARM.Collect$$libinit$$00000025)
    __rt_lib_init_user_alloc_1               0x00000491   Thumb Code     0  libinit2.o(.ARM.Collect$$libinit$$0000000C)
    __rt_lib_shutdown                        0x00000493   Thumb Code     0  libshutdown.o(.ARM.Collect$$libshutdown$$00000000)
    __rt_lib_shutdown_cpp_1                  0x00000495   Thumb Code     0  libshutdown2.o(.ARM.Collect$$libshutdown$$00000002)
    __rt_lib_shutdown_fp_trap_1              0x00000495   Thumb Code     0  libshutdown2.o(.ARM.Collect$$libshutdown$$00000007)
    __rt_lib_shutdown_heap_1                 0x00000495   Thumb Code     0  libshutdown2.o(.ARM.Collect$$libshutdown$$0000000F)
    __rt_lib_shutdown_return                 0x00000495   Thumb Code     0  libshutdown2.o(.ARM.Collect$$libshutdown$$00000010)
    __rt_lib_shutdown_signal_1               0x00000495   Thumb Code     0  libshutdown2.o(.ARM.Collect$$libshutdown$$0000000A)
    __rt_lib_shutdown_stdio_1                0x00000495   Thumb Code     0  libshutdown2.o(.ARM.Collect$$libshutdown$$00000004)
    __rt_lib_shutdown_user_alloc_1           0x00000495   Thumb Code     0  libshutdown2.o(.ARM.Collect$$libshutdown$$0000000C)
    __rt_entry                               0x00000497   Thumb Code     0  __rtentry.o(.ARM.Collect$$rtentry$$00000000)
    __rt_entry_presh_1                       0x00000497   Thumb Code     0  __rtentry2.o(.ARM.Collect$$rtentry$$00000002)
    __rt_entry_sh                            0x00000497   Thumb Code     0  __rtentry4.o(.ARM.Collect$$rtentry$$00000004)
    __rt_entry_li                            0x0000049d   Thumb Code     0  __rtentry2.o(.ARM.Collect$$rtentry$$0000000A)
    __rt_entry_postsh_1                      0x0000049d   Thumb Code     0  __rtentry2.o(.ARM.Collect$$rtentry$$00000009)
    __rt_entry_main                          0x000004a1   Thumb Code     0  __rtentry2.o(.ARM.Collect$$rtentry$$0000000D)
    __rt_entry_postli_1                      0x000004a1   Thumb Code     0  __rtentry2.o(.ARM.Collect$$rtentry$$0000000C)
    __rt_exit                                0x000004a9   Thumb Code     0  rtexit.o(.ARM.Collect$$rtexit$$00000000)
    __rt_exit_ls                             0x000004ab   Thumb Code     0  rtexit2.o(.ARM.Collect$$rtexit$$00000003)
    __rt_exit_prels_1                        0x000004ab   Thumb Code     0  rtexit2.o(.ARM.Collect$$rtexit$$00000002)
    __rt_exit_exit                           0x000004af   Thumb Code     0  rtexit2.o(.ARM.Collect$$rtexit$$00000004)
    Reset_Handler                            0x000004b5   Thumb Code     8  startup_mk60dz10.o(.text)
    NMI_Handler                              0x000004bd   Thumb Code     2  startup_mk60dz10.o(.text)
    HardFault_Handler                        0x000004bf   Thumb Code     2  startup_mk60dz10.o(.text)
    MemManage_Handler                        0x000004c1   Thumb Code     2  startup_mk60dz10.o(.text)
    BusFault_Handler                         0x000004c3   Thumb Code     2  startup_mk60dz10.o(.text)
    UsageFault_Handler                       0x000004c5   Thumb Code     2  startup_mk60dz10.o(.text)
    SVC_Handler                              0x000004c7   Thumb Code     2  startup_mk60dz10.o(.text)
    DebugMon_Handler                         0x000004c9   Thumb Code     2  startup_mk60dz10.o(.text)
    PendSV_Handler                           0x000004cb   Thumb Code     2  startup_mk60dz10.o(.text)
    SysTick_Handler                          0x000004cd   Thumb Code     2  startup_mk60dz10.o(.text)
    ADC0_IRQHandler                          0x000004cf   Thumb Code     0  startup_mk60dz10.o(.text)
    ADC1_IRQHandler                          0x000004cf   Thumb Code     0  startup_mk60dz10.o(.text)
    CAN0_Bus_Off_IRQHandler                  0x000004cf   Thumb Code     0  startup_mk60dz10.o(.text)
    CAN0_Error_IRQHandler                    0x000004cf   Thumb Code     0  startup_mk60dz10.o(.text)
    CAN0_ORed_Message_buffer_IRQHandler      0x000004cf   Thumb Code     0  startup_mk60dz10.o(.text)
    CAN0_Rx_Warning_IRQHandler               0x000004cf   Thumb Code     0  startup_mk60dz10.o(.text)
    CAN0_Tx_Warning_IRQHandler               0x000004cf   Thumb Code     0  startup_mk60dz10.o(.text)
    CAN0_Wake_Up_IRQHandler                  0x000004cf   Thumb Code     0  startup_mk60dz10.o(.text)
    CAN1_Bus_Off_IRQHandler                  0x000004cf   Thumb Code     0  startup_mk60dz10.o(.text)
    CAN1_Error_IRQHandler                    0x000004cf   Thumb Code     0  startup_mk60dz10.o(.text)
    CAN1_ORed_Message_buffer_IRQHandler      0x000004cf   Thumb Code     0  startup_mk60dz10.o(.text)
    CAN1_Rx_Warning_IRQHandler               0x000004cf   Thumb Code     0  startup_mk60dz10.o(.text)
    CAN1_Tx_Warning_IRQHandler               0x000004cf   Thumb Code     0  startup_mk60dz10.o(.text)
    CAN1_Wake_Up_IRQHandler                  0x000004cf   Thumb Code     0  startup_mk60dz10.o(.text)
    CMP0_IRQHandler                          0x000004cf   Thumb Code     0  startup_mk60dz10.o(.text)
    CMP1_IRQHandler                          0x000004cf   Thumb Code     0  startup_mk60dz10.o(.text)
    CMP2_IRQHandler                          0x000004cf   Thumb Code     0  startup_mk60dz10.o(.text)
    CMT_IRQHandler                           0x000004cf   Thumb Code     0  startup_mk60dz10.o(.text)
    DAC0_IRQHandler                          0x000004cf   Thumb Code     0  startup_mk60dz10.o(.text)
    DAC1_IRQHandler                          0x000004cf   Thumb Code     0  startup_mk60dz10.o(.text)
    DMA0_IRQHandler                          0x000004cf   Thumb Code     0  startup_mk60dz10.o(.text)
    DMA10_IRQHandler                         0x000004cf   Thumb Code     0  startup_mk60dz10.o(.text)
    DMA11_IRQHandler                         0x000004cf   Thumb Code     0  startup_mk60dz10.o(.text)
    DMA12_IRQHandler                         0x000004cf   Thumb Code     0  startup_mk60dz10.o(.text)
    DMA13_IRQHandler                         0x000004cf   Thumb Code     0  startup_mk60dz10.o(.text)
    DMA14_IRQHandler                         0x000004cf   Thumb Code     0  startup_mk60dz10.o(.text)
    DMA15_IRQHandler                         0x000004cf   Thumb Code     0  startup_mk60dz10.o(.text)
    DMA1_IRQHandler                          0x000004cf   Thumb Code     0  startup_mk60dz10.o(.text)
    DMA2_IRQHandler                          0x000004cf   Thumb Code     0  startup_mk60dz10.o(.text)
    DMA3_IRQHandler                          0x000004cf   Thumb Code     0  startup_mk60dz10.o(.text)
    DMA4_IRQHandler                          0x000004cf   Thumb Code     0  startup_mk60dz10.o(.text)
    DMA5_IRQHandler                          0x000004cf   Thumb Code     0  startup_mk60dz10.o(.text)
    DMA6_IRQHandler                          0x000004cf   Thumb Code     0  startup_mk60dz10.o(.text)
    DMA7_IRQHandler                          0x000004cf   Thumb Code     0  startup_mk60dz10.o(.text)
    DMA8_IRQHandler                          0x000004cf   Thumb Code     0  startup_mk60dz10.o(.text)
    DMA9_IRQHandler                          0x000004cf   Thumb Code     0  startup_mk60dz10.o(.text)
    DMA_Error_IRQHandler                     0x000004cf   Thumb Code     0  startup_mk60dz10.o(.text)
    DefaultISR                               0x000004cf   Thumb Code     0  startup_mk60dz10.o(.text)
    ENET_1588_Timer_IRQHandler               0x000004cf   Thumb Code     0  startup_mk60dz10.o(.text)
    ENET_Error_IRQHandler                    0x000004cf   Thumb Code     0  startup_mk60dz10.o(.text)
    ENET_Receive_IRQHandler                  0x000004cf   Thumb Code     0  startup_mk60dz10.o(.text)
    ENET_Transmit_IRQHandler                 0x000004cf   Thumb Code     0  startup_mk60dz10.o(.text)
    FTFL_IRQHandler                          0x000004cf   Thumb Code     0  startup_mk60dz10.o(.text)
    FTM0_IRQHandler                          0x000004cf   Thumb Code     0  startup_mk60dz10.o(.text)
    FTM1_IRQHandler                          0x000004cf   Thumb Code     0  startup_mk60dz10.o(.text)
    FTM2_IRQHandler                          0x000004cf   Thumb Code     0  startup_mk60dz10.o(.text)
    I2C0_IRQHandler                          0x000004cf   Thumb Code     0  startup_mk60dz10.o(.text)
    I2C1_IRQHandler                          0x000004cf   Thumb Code     0  startup_mk60dz10.o(.text)
    I2S0_IRQHandler                          0x000004cf   Thumb Code     0  startup_mk60dz10.o(.text)
    LLW_IRQHandler                           0x000004cf   Thumb Code     0  startup_mk60dz10.o(.text)
    LPTimer_IRQHandler                       0x000004cf   Thumb Code     0  startup_mk60dz10.o(.text)
    LVD_LVW_IRQHandler                       0x000004cf   Thumb Code     0  startup_mk60dz10.o(.text)
    MCG_IRQHandler                           0x000004cf   Thumb Code     0  startup_mk60dz10.o(.text)
    MCM_IRQHandler                           0x000004cf   Thumb Code     0  startup_mk60dz10.o(.text)
    PDB0_IRQHandler                          0x000004cf   Thumb Code     0  startup_mk60dz10.o(.text)
    PIT1_IRQHandler                          0x000004cf   Thumb Code     0  startup_mk60dz10.o(.text)
    PIT2_IRQHandler                          0x000004cf   Thumb Code     0  startup_mk60dz10.o(.text)
    PIT3_IRQHandler                          0x000004cf   Thumb Code     0  startup_mk60dz10.o(.text)
    PORTA_IRQHandler                         0x000004cf   Thumb Code     0  startup_mk60dz10.o(.text)
    PORTB_IRQHandler                         0x000004cf   Thumb Code     0  startup_mk60dz10.o(.text)
    PORTC_IRQHandler                         0x000004cf   Thumb Code     0  startup_mk60dz10.o(.text)
    PORTD_IRQHandler                         0x000004cf   Thumb Code     0  startup_mk60dz10.o(.text)
    PORTE_IRQHandler                         0x000004cf   Thumb Code     0  startup_mk60dz10.o(.text)
    RNG_IRQHandler                           0x000004cf   Thumb Code     0  startup_mk60dz10.o(.text)
    RTC_IRQHandler                           0x000004cf   Thumb Code     0  startup_mk60dz10.o(.text)
    Read_Collision_IRQHandler                0x000004cf   Thumb Code     0  startup_mk60dz10.o(.text)
    Reserved102_IRQHandler                   0x000004cf   Thumb Code     0  startup_mk60dz10.o(.text)
    Reserved108_IRQHandler                   0x000004cf   Thumb Code     0  startup_mk60dz10.o(.text)
    Reserved109_IRQHandler                   0x000004cf   Thumb Code     0  startup_mk60dz10.o(.text)
    Reserved110_IRQHandler                   0x000004cf   Thumb Code     0  startup_mk60dz10.o(.text)
    Reserved111_IRQHandler                   0x000004cf   Thumb Code     0  startup_mk60dz10.o(.text)
    Reserved112_IRQHandler                   0x000004cf   Thumb Code     0  startup_mk60dz10.o(.text)
    Reserved113_IRQHandler                   0x000004cf   Thumb Code     0  startup_mk60dz10.o(.text)
    Reserved114_IRQHandler                   0x000004cf   Thumb Code     0  startup_mk60dz10.o(.text)
    Reserved115_IRQHandler                   0x000004cf   Thumb Code     0  startup_mk60dz10.o(.text)
    Reserved116_IRQHandler                   0x000004cf   Thumb Code     0  startup_mk60dz10.o(.text)
    Reserved117_IRQHandler                   0x000004cf   Thumb Code     0  startup_mk60dz10.o(.text)
    Reserved118_IRQHandler                   0x000004cf   Thumb Code     0  startup_mk60dz10.o(.text)
    Reserved119_IRQHandler                   0x000004cf   Thumb Code     0  startup_mk60dz10.o(.text)
    Reserved51_IRQHandler                    0x000004cf   Thumb Code     0  startup_mk60dz10.o(.text)
    Reserved52_IRQHandler                    0x000004cf   Thumb Code     0  startup_mk60dz10.o(.text)
    Reserved59_IRQHandler                    0x000004cf   Thumb Code     0  startup_mk60dz10.o(.text)
    Reserved60_IRQHandler                    0x000004cf   Thumb Code     0  startup_mk60dz10.o(.text)
    Reserved83_IRQHandler                    0x000004cf   Thumb Code     0  startup_mk60dz10.o(.text)
    SDHC_IRQHandler                          0x000004cf   Thumb Code     0  startup_mk60dz10.o(.text)
    SPI0_IRQHandler                          0x000004cf   Thumb Code     0  startup_mk60dz10.o(.text)
    SPI1_IRQHandler                          0x000004cf   Thumb Code     0  startup_mk60dz10.o(.text)
    SPI2_IRQHandler                          0x000004cf   Thumb Code     0  startup_mk60dz10.o(.text)
    TSI0_IRQHandler                          0x000004cf   Thumb Code     0  startup_mk60dz10.o(.text)
    UART0_ERR_IRQHandler                     0x000004cf   Thumb Code     0  startup_mk60dz10.o(.text)
    UART0_RX_TX_IRQHandler                   0x000004cf   Thumb Code     0  startup_mk60dz10.o(.text)
    UART1_ERR_IRQHandler                     0x000004cf   Thumb Code     0  startup_mk60dz10.o(.text)
    UART1_RX_TX_IRQHandler                   0x000004cf   Thumb Code     0  startup_mk60dz10.o(.text)
    UART2_ERR_IRQHandler                     0x000004cf   Thumb Code     0  startup_mk60dz10.o(.text)
    UART2_RX_TX_IRQHandler                   0x000004cf   Thumb Code     0  startup_mk60dz10.o(.text)
    UART3_ERR_IRQHandler                     0x000004cf   Thumb Code     0  startup_mk60dz10.o(.text)
    UART3_RX_TX_IRQHandler                   0x000004cf   Thumb Code     0  startup_mk60dz10.o(.text)
    UART4_ERR_IRQHandler                     0x000004cf   Thumb Code     0  startup_mk60dz10.o(.text)
    UART4_RX_TX_IRQHandler                   0x000004cf   Thumb Code     0  startup_mk60dz10.o(.text)
    UART5_ERR_IRQHandler                     0x000004cf   Thumb Code     0  startup_mk60dz10.o(.text)
    UART5_RX_TX_IRQHandler                   0x000004cf   Thumb Code     0  startup_mk60dz10.o(.text)
    USB0_IRQHandler                          0x000004cf   Thumb Code     0  startup_mk60dz10.o(.text)
    USBDCD_IRQHandler                        0x000004cf   Thumb Code     0  startup_mk60dz10.o(.text)
    Watchdog_IRQHandler                      0x000004cf   Thumb Code     0  startup_mk60dz10.o(.text)
    __user_initial_stackheap                 0x000004d1   Thumb Code     0  startup_mk60dz10.o(.text)
    __2sprintf                               0x000004f5   Thumb Code    34  noretval__2sprintf.o(.text)
    __printf                                 0x0000051d   Thumb Code   104  __printf.o(.text)
    _printf_int_dec                          0x00000585   Thumb Code   104  _printf_dec.o(.text)
    __use_two_region_memory                  0x000005fd   Thumb Code     2  heapauxi.o(.text)
    __rt_heap_escrow$2region                 0x000005ff   Thumb Code     2  heapauxi.o(.text)
    __rt_heap_expand$2region                 0x00000601   Thumb Code     2  heapauxi.o(.text)
    _printf_int_common                       0x00000603   Thumb Code   178  _printf_intcommon.o(.text)
    _printf_char_common                      0x000006bf   Thumb Code    32  _printf_char_common.o(.text)
    _sputc                                   0x000006e5   Thumb Code    10  _sputc.o(.text)
    __user_setup_stackheap                   0x000006ef   Thumb Code    74  sys_stackheap_outer.o(.text)
    exit                                     0x00000739   Thumb Code    18  exit.o(.text)
    __user_libspace                          0x0000074d   Thumb Code     8  libspace.o(.text)
    __user_perproc_libspace                  0x0000074d   Thumb Code     0  libspace.o(.text)
    __user_perthread_libspace                0x0000074d   Thumb Code     0  libspace.o(.text)
    _sys_exit                                0x00000755   Thumb Code     8  sys_exit.o(.text)
    __I$use$semihosting                      0x00000761   Thumb Code     0  use_no_semi.o(.text)
    __use_no_semihosting_swi                 0x00000761   Thumb Code     2  use_no_semi.o(.text)
    __semihosting_library_function           0x00000763   Thumb Code     0  indicate_semi.o(.text)
    ADC                                      0x00000765   Thumb Code    80  main.o(i.ADC)
    ADC_Calibrate                            0x000007bd   Thumb Code   122  freescale_adc.o(i.ADC_Calibrate)
    ADC_DiscModeChannelCountConfig           0x00000837   Thumb Code    28  freescale_adc.o(i.ADC_DiscModeChannelCountConfig)
    ADC_GetConversionValue                   0x00000853   Thumb Code    10  freescale_adc.o(i.ADC_GetConversionValue)
    ADC_GetSoftwareStartConvStatus           0x0000085d   Thumb Code    16  freescale_adc.o(i.ADC_GetSoftwareStartConvStatus)
    ADC_Init                                 0x0000086d   Thumb Code   186  freescale_adc.o(i.ADC_Init)
    ADC_Result                               0x00000929   Thumb Code    38  main.o(i.ADC_Result)
    Delay_EXms                               0x00000955   Thumb Code    34  system32.o(i.Delay_EXms)
    Delay_ms                                 0x00000979   Thumb Code    52  system32.o(i.Delay_ms)
    GPIO_Init                                0x000009b1   Thumb Code   154  freescale_gpio.o(i.GPIO_Init)
    GPIO_PinAFConfig                         0x00000a59   Thumb Code    26  freescale_gpio.o(i.GPIO_PinAFConfig)
    GetProcessorInfo                         0x00000a75   Thumb Code    98  freescale_sim.o(i.GetProcessorInfo)
    PIT0_IRQHandler                          0x00000ae9   Thumb Code    40  main.o(i.PIT0_IRQHandler)
    PIT_Flag_Clear                           0x00000b21   Thumb Code    20  freescale_pit.o(i.PIT_Flag_Clear)
    PIT_Init                                 0x00000b39   Thumb Code    86  freescale_pit.o(i.PIT_Init)
    SIM_SCGC4PeriphClockCmd                  0x00000b95   Thumb Code    18  freescale_sim.o(i.SIM_SCGC4PeriphClockCmd)
    SIM_SCGC5PeriphClockCmd                  0x00000bad   Thumb Code    18  freescale_sim.o(i.SIM_SCGC5PeriphClockCmd)
    SIM_SCGC6PeriphClockCmd                  0x00000bc5   Thumb Code    18  freescale_sim.o(i.SIM_SCGC6PeriphClockCmd)
    SysTick_Init                             0x00000bdd   Thumb Code    44  system32.o(i.SysTick_Init)
    SystemCoreClockUpdate                    0x00000c15   Thumb Code   242  system_mk60d10.o(i.SystemCoreClockUpdate)
    SystemInit                               0x00000d1d   Thumb Code    70  system_mk60d10.o(i.SystemInit)
    USART_GetFlagStatus                      0x00000d71   Thumb Code    14  freescale_usart.o(i.USART_GetFlagStatus)
    USART_Init                               0x00000d81   Thumb Code   140  freescale_usart.o(i.USART_Init)
    USART_ReceiveData                        0x00000e19   Thumb Code     4  freescale_usart.o(i.USART_ReceiveData)
    USART_SendData                           0x00000e1d   Thumb Code     4  freescale_usart.o(i.USART_SendData)
    Usart_Send                               0x00000e21   Thumb Code    42  main.o(i.Usart_Send)
    main                                     0x00000e51   Thumb Code   296  main.o(i.main)
    Region$$Table$$Base                      0x00000fc8   Number         0  anon$$obj.o(Region$$Table)
    Region$$Table$$Limit                     0x00000fe8   Number         0  anon$$obj.o(Region$$Table)
    SystemCoreClock                          0x20000008   Data           4  system_mk60d10.o(.data)
    PInfo                                    0x2000000c   Data          24  freescale_sim.o(.bss)
    __libspace_start                         0x20000024   Data          96  libspace.o(.bss)
    __temporary_stack_top$libspace           0x20000084   Data           0  libspace.o(.bss)



==============================================================================

Memory Map of the image

  Image Entry point : 0x00000411

  Load Region LR_IROM1 (Base: 0x00000000, Size: 0x00000ff4, Max: 0x00080000, ABSOLUTE)

    Execution Region ER_IROM1 (Base: 0x00000000, Size: 0x00000fe8, Max: 0x00080000, ABSOLUTE)

    Base Addr    Size         Type   Attr      Idx    E Section Name        Object

    0x00000000   0x00000400   Data   RO          379    RESET               startup_mk60dz10.o
    0x00000400   0x00000010   Code   RO          380    .ARM.__at_0x400     startup_mk60dz10.o
    0x00000410   0x00000008   Code   RO          421  * !!!main             c_w.l(__main.o)
    0x00000418   0x00000034   Code   RO          587    !!!scatter          c_w.l(__scatter.o)
    0x0000044c   0x0000001a   Code   RO          589    !!handler_copy      c_w.l(__scatter_copy.o)
    0x00000466   0x00000002   PAD
    0x00000468   0x0000001c   Code   RO          591    !!handler_zi        c_w.l(__scatter_zi.o)
    0x00000484   0x00000000   Code   RO          418    .ARM.Collect$$_printf_percent$$00000000  c_w.l(_printf_percent.o)
    0x00000484   0x00000006   Code   RO          417    .ARM.Collect$$_printf_percent$$00000009  c_w.l(_printf_d.o)
    0x0000048a   0x00000004   Code   RO          430    .ARM.Collect$$_printf_percent$$00000017  c_w.l(_printf_percent_end.o)
    0x0000048e   0x00000002   Code   RO          457    .ARM.Collect$$libinit$$00000000  c_w.l(libinit.o)
    0x00000490   0x00000000   Code   RO          464    .ARM.Collect$$libinit$$00000002  c_w.l(libinit2.o)
    0x00000490   0x00000000   Code   RO          466    .ARM.Collect$$libinit$$00000004  c_w.l(libinit2.o)
    0x00000490   0x00000000   Code   RO          469    .ARM.Collect$$libinit$$0000000A  c_w.l(libinit2.o)
    0x00000490   0x00000000   Code   RO          471    .ARM.Collect$$libinit$$0000000C  c_w.l(libinit2.o)
    0x00000490   0x00000000   Code   RO          473    .ARM.Collect$$libinit$$0000000E  c_w.l(libinit2.o)
    0x00000490   0x00000000   Code   RO          476    .ARM.Collect$$libinit$$00000011  c_w.l(libinit2.o)
    0x00000490   0x00000000   Code   RO          478    .ARM.Collect$$libinit$$00000013  c_w.l(libinit2.o)
    0x00000490   0x00000000   Code   RO          480    .ARM.Collect$$libinit$$00000015  c_w.l(libinit2.o)
    0x00000490   0x00000000   Code   RO          482    .ARM.Collect$$libinit$$00000017  c_w.l(libinit2.o)
    0x00000490   0x00000000   Code   RO          484    .ARM.Collect$$libinit$$00000019  c_w.l(libinit2.o)
    0x00000490   0x00000000   Code   RO          486    .ARM.Collect$$libinit$$0000001B  c_w.l(libinit2.o)
    0x00000490   0x00000000   Code   RO          488    .ARM.Collect$$libinit$$0000001D  c_w.l(libinit2.o)
    0x00000490   0x00000000   Code   RO          490    .ARM.Collect$$libinit$$0000001F  c_w.l(libinit2.o)
    0x00000490   0x00000000   Code   RO          492    .ARM.Collect$$libinit$$00000021  c_w.l(libinit2.o)
    0x00000490   0x00000000   Code   RO          494    .ARM.Collect$$libinit$$00000023  c_w.l(libinit2.o)
    0x00000490   0x00000000   Code   RO          496    .ARM.Collect$$libinit$$00000025  c_w.l(libinit2.o)
    0x00000490   0x00000000   Code   RO          500    .ARM.Collect$$libinit$$0000002C  c_w.l(libinit2.o)
    0x00000490   0x00000000   Code   RO          502    .ARM.Collect$$libinit$$0000002E  c_w.l(libinit2.o)
    0x00000490   0x00000000   Code   RO          504    .ARM.Collect$$libinit$$00000030  c_w.l(libinit2.o)
    0x00000490   0x00000000   Code   RO          506    .ARM.Collect$$libinit$$00000032  c_w.l(libinit2.o)
    0x00000490   0x00000002   Code   RO          507    .ARM.Collect$$libinit$$00000033  c_w.l(libinit2.o)
    0x00000492   0x00000002   Code   RO          527    .ARM.Collect$$libshutdown$$00000000  c_w.l(libshutdown.o)
    0x00000494   0x00000000   Code   RO          540    .ARM.Collect$$libshutdown$$00000002  c_w.l(libshutdown2.o)
    0x00000494   0x00000000   Code   RO          542    .ARM.Collect$$libshutdown$$00000004  c_w.l(libshutdown2.o)
    0x00000494   0x00000000   Code   RO          545    .ARM.Collect$$libshutdown$$00000007  c_w.l(libshutdown2.o)
    0x00000494   0x00000000   Code   RO          548    .ARM.Collect$$libshutdown$$0000000A  c_w.l(libshutdown2.o)
    0x00000494   0x00000000   Code   RO          550    .ARM.Collect$$libshutdown$$0000000C  c_w.l(libshutdown2.o)
    0x00000494   0x00000000   Code   RO          553    .ARM.Collect$$libshutdown$$0000000F  c_w.l(libshutdown2.o)
    0x00000494   0x00000002   Code   RO          554    .ARM.Collect$$libshutdown$$00000010  c_w.l(libshutdown2.o)
    0x00000496   0x00000000   Code   RO          423    .ARM.Collect$$rtentry$$00000000  c_w.l(__rtentry.o)
    0x00000496   0x00000000   Code   RO          432    .ARM.Collect$$rtentry$$00000002  c_w.l(__rtentry2.o)
    0x00000496   0x00000006   Code   RO          444    .ARM.Collect$$rtentry$$00000004  c_w.l(__rtentry4.o)
    0x0000049c   0x00000000   Code   RO          434    .ARM.Collect$$rtentry$$00000009  c_w.l(__rtentry2.o)
    0x0000049c   0x00000004   Code   RO          435    .ARM.Collect$$rtentry$$0000000A  c_w.l(__rtentry2.o)
    0x000004a0   0x00000000   Code   RO          437    .ARM.Collect$$rtentry$$0000000C  c_w.l(__rtentry2.o)
    0x000004a0   0x00000008   Code   RO          438    .ARM.Collect$$rtentry$$0000000D  c_w.l(__rtentry2.o)
    0x000004a8   0x00000002   Code   RO          461    .ARM.Collect$$rtexit$$00000000  c_w.l(rtexit.o)
    0x000004aa   0x00000000   Code   RO          509    .ARM.Collect$$rtexit$$00000002  c_w.l(rtexit2.o)
    0x000004aa   0x00000004   Code   RO          510    .ARM.Collect$$rtexit$$00000003  c_w.l(rtexit2.o)
    0x000004ae   0x00000006   Code   RO          511    .ARM.Collect$$rtexit$$00000004  c_w.l(rtexit2.o)
    0x000004b4   0x00000040   Code   RO          381    .text               startup_mk60dz10.o
    0x000004f4   0x00000028   Code   RO          391    .text               c_w.l(noretval__2sprintf.o)
    0x0000051c   0x00000068   Code   RO          393    .text               c_w.l(__printf.o)
    0x00000584   0x00000078   Code   RO          395    .text               c_w.l(_printf_dec.o)
    0x000005fc   0x00000006   Code   RO          419    .text               c_w.l(heapauxi.o)
    0x00000602   0x000000b2   Code   RO          424    .text               c_w.l(_printf_intcommon.o)
    0x000006b4   0x00000030   Code   RO          426    .text               c_w.l(_printf_char_common.o)
    0x000006e4   0x0000000a   Code   RO          428    .text               c_w.l(_sputc.o)
    0x000006ee   0x0000004a   Code   RO          448    .text               c_w.l(sys_stackheap_outer.o)
    0x00000738   0x00000012   Code   RO          450    .text               c_w.l(exit.o)
    0x0000074a   0x00000002   PAD
    0x0000074c   0x00000008   Code   RO          458    .text               c_w.l(libspace.o)
    0x00000754   0x0000000c   Code   RO          519    .text               c_w.l(sys_exit.o)
    0x00000760   0x00000002   Code   RO          530    .text               c_w.l(use_no_semi.o)
    0x00000762   0x00000000   Code   RO          532    .text               c_w.l(indicate_semi.o)
    0x00000762   0x00000002   PAD
    0x00000764   0x00000058   Code   RO            3    i.ADC               main.o
    0x000007bc   0x0000007a   Code   RO          263    i.ADC_Calibrate     freescale_adc.o
    0x00000836   0x0000001c   Code   RO          264    i.ADC_DiscModeChannelCountConfig  freescale_adc.o
    0x00000852   0x0000000a   Code   RO          265    i.ADC_GetConversionValue  freescale_adc.o
    0x0000085c   0x00000010   Code   RO          266    i.ADC_GetSoftwareStartConvStatus  freescale_adc.o
    0x0000086c   0x000000ba   Code   RO          267    i.ADC_Init          freescale_adc.o
    0x00000926   0x00000002   PAD
    0x00000928   0x0000002c   Code   RO            4    i.ADC_Result        main.o
    0x00000954   0x00000022   Code   RO          307    i.Delay_EXms        system32.o
    0x00000976   0x00000002   PAD
    0x00000978   0x00000038   Code   RO          308    i.Delay_ms          system32.o
    0x000009b0   0x000000a8   Code   RO          107    i.GPIO_Init         freescale_gpio.o
    0x00000a58   0x0000001a   Code   RO          108    i.GPIO_PinAFConfig  freescale_gpio.o
    0x00000a72   0x00000002   PAD
    0x00000a74   0x00000074   Code   RO          133    i.GetProcessorInfo  freescale_sim.o
    0x00000ae8   0x00000038   Code   RO            5    i.PIT0_IRQHandler   main.o
    0x00000b20   0x00000018   Code   RO          195    i.PIT_Flag_Clear    freescale_pit.o
    0x00000b38   0x0000005c   Code   RO          196    i.PIT_Init          freescale_pit.o
    0x00000b94   0x00000018   Code   RO          137    i.SIM_SCGC4PeriphClockCmd  freescale_sim.o
    0x00000bac   0x00000018   Code   RO          138    i.SIM_SCGC5PeriphClockCmd  freescale_sim.o
    0x00000bc4   0x00000018   Code   RO          139    i.SIM_SCGC6PeriphClockCmd  freescale_sim.o
    0x00000bdc   0x00000038   Code   RO          310    i.SysTick_Init      system32.o
    0x00000c14   0x00000108   Code   RO          347    i.SystemCoreClockUpdate  system_mk60d10.o
    0x00000d1c   0x00000054   Code   RO          348    i.SystemInit        system_mk60d10.o
    0x00000d70   0x0000000e   Code   RO          225    i.USART_GetFlagStatus  freescale_usart.o
    0x00000d7e   0x00000002   PAD
    0x00000d80   0x00000098   Code   RO          226    i.USART_Init        freescale_usart.o
    0x00000e18   0x00000004   Code   RO          227    i.USART_ReceiveData  freescale_usart.o
    0x00000e1c   0x00000004   Code   RO          228    i.USART_SendData    freescale_usart.o
    0x00000e20   0x00000030   Code   RO            6    i.Usart_Send        main.o
    0x00000e50   0x00000178   Code   RO            7    i.main              main.o
    0x00000fc8   0x00000020   Data   RO          585    Region$$Table       anon$$obj.o


    Execution Region RW_IRAM1 (Base: 0x20000000, Size: 0x00000c88, Max: 0x00010000, ABSOLUTE)

    Base Addr    Size         Type   Attr      Idx    E Section Name        Object

    0x20000000   0x00000008   Data   RW          311    .data               system32.o
    0x20000008   0x00000004   Data   RW          349    .data               system_mk60d10.o
    0x2000000c   0x00000018   Zero   RW          140    .bss                freescale_sim.o
    0x20000024   0x00000060   Zero   RW          459    .bss                c_w.l(libspace.o)
    0x20000084   0x00000004   PAD
    0x20000088   0x00000400   Zero   RW          378    HEAP                startup_mk60dz10.o
    0x20000488   0x00000800   Zero   RW          377    STACK               startup_mk60dz10.o


==============================================================================

Image component sizes


      Code (inc. data)   RO Data    RW Data    ZI Data      Debug   Object Name

       362          0          0          0          0       3350   freescale_adc.o
       194         14          0          0          0       1531   freescale_gpio.o
       116         10          0          0          0      23499   freescale_pit.o
       188         36          0          0         24       4829   freescale_sim.o
       174         12          0          0          0       2564   freescale_usart.o
       612        116          0          0          0     249221   main.o
        80         42       1024          0       3072        968   startup_mk60dz10.o
       146         16          0          8          0       1883   system32.o
       348         44          0          4          0       1407   system_mk60d10.o

    ----------------------------------------------------------------------
      2228        290       1056         12       3096     289252   Object Totals
         0          0         32          0          0          0   (incl. Generated)
         8          0          0          0          0          0   (incl. Padding)

    ----------------------------------------------------------------------

      Code (inc. data)   RO Data    RW Data    ZI Data      Debug   Library Member Name

         8          0          0          0          0         68   __main.o
       104          0          0          0          0         84   __printf.o
         0          0          0          0          0          0   __rtentry.o
        12          0          0          0          0          0   __rtentry2.o
         6          0          0          0          0          0   __rtentry4.o
        52          8          0          0          0          0   __scatter.o
        26          0          0          0          0          0   __scatter_copy.o
        28          0          0          0          0          0   __scatter_zi.o
        48          6          0          0          0         96   _printf_char_common.o
         6          0          0          0          0          0   _printf_d.o
       120         16          0          0          0         92   _printf_dec.o
       178          0          0          0          0         88   _printf_intcommon.o
         0          0          0          0          0          0   _printf_percent.o
         4          0          0          0          0          0   _printf_percent_end.o
        10          0          0          0          0         68   _sputc.o
        18          0          0          0          0         80   exit.o
         6          0          0          0          0        152   heapauxi.o
         0          0          0          0          0          0   indicate_semi.o
         2          0          0          0          0          0   libinit.o
         2          0          0          0          0          0   libinit2.o
         2          0          0          0          0          0   libshutdown.o
         2          0          0          0          0          0   libshutdown2.o
         8          4          0          0         96         68   libspace.o
        40          6          0          0          0         84   noretval__2sprintf.o
         2          0          0          0          0          0   rtexit.o
        10          0          0          0          0          0   rtexit2.o
        12          4          0          0          0         68   sys_exit.o
        74          0          0          0          0         80   sys_stackheap_outer.o
         2          0          0          0          0         68   use_no_semi.o

    ----------------------------------------------------------------------
       788         44          0          0        100       1096   Library Totals
         6          0          0          0          4          0   (incl. Padding)

    ----------------------------------------------------------------------

      Code (inc. data)   RO Data    RW Data    ZI Data      Debug   Library Name

       782         44          0          0         96       1096   c_w.l

    ----------------------------------------------------------------------
       788         44          0          0        100       1096   Library Totals

    ----------------------------------------------------------------------

==============================================================================


      Code (inc. data)   RO Data    RW Data    ZI Data      Debug   

      3016        334       1056         12       3196     288732   Grand Totals
      3016        334       1056         12       3196     288732   ELF Image Totals
      3016        334       1056         12          0          0   ROM Totals

==============================================================================

    Total RO  Size (Code + RO Data)                 4072 (   3.98kB)
    Total RW  Size (RW Data + ZI Data)              3208 (   3.13kB)
    Total ROM Size (Code + RO Data + RW Data)       4084 (   3.99kB)

==============================================================================

