<html>
<body>
<pre>
<h1>µVision Build Log</h1>
<h2>Tool Versions:</h2>
IDE-Version: ¦ÌVision V5.16a
Copyright (C) 2015 ARM Ltd and ARM Germany GmbH. All rights reserved.
License Information: dsct Microsoft, Microsoft, LIC=LSNPC-7BGQ5-44LSX-H8FP1-BDKAA-D3KD1
 
Tool Versions:
Toolchain:       MDK-ARM Standard  Version: 5.16a
Toolchain Path:  D:\APP Data\keil5\ARM\ARMCC\Bin
C Compiler:      Armcc.exe V5.06 (build 20)
Assembler:       Armasm.exe V5.06 (build 20)
Linker/Locator:  ArmLink.exe V5.06 (build 20)
Library Manager: ArmAr.exe V5.06 (build 20)
Hex Converter:   FromElf.exe V5.06 (build 20)
CPU DLL:         SARMCM3.DLL V5.16a
Dialog DLL:      DCM.DLL V1.13.2.0
Target DLL:      Segger\JL2CM3.dll V2.99.15.2
Dialog DLL:      TCM.DLL V1.14.5.0
 
<h2>Project:</h2>
D:\PC Data\32bit\Freescale\First\project\K60.uvprojx
Project File Date:  03/07/2016

<h2>Output:</h2>
*** Using Compiler 'V5.06 (build 20)', folder: 'D:\APP Data\keil5\ARM\ARMCC\Bin'
Build target 'freescale'
compiling main.c...
..\System\main.c(101): warning:  #111-D: statement is unreachable
  return 0;
..\System\main.c(108): warning:  #177-D: variable "GPIO_Structure" was declared but never referenced
  	GPIO_InitTypeDef  GPIO_Structure;
..\System\main.c: 2 warnings, 0 errors
linking...
Program Size: Code=3016 RO-data=1056 RW-data=12 ZI-data=3196  
FromELF: creating hex file...
"..\OutPut\K60.axf" - 0 Error(s), 2 Warning(s).

<h2>Collection of Component include folders:</h2>
  D:\PC Data\32bit\Freescale\First\project\RTE
  D:\APP Data\keil5\ARM\PACK\Keil\Kinetis_K60_DFP\1.4.0\Device\Include

<h2>Collection of Component Files used:</h2>
Build Time Elapsed:  00:00:01
</pre>
</body>
</html>
